============================================================
  Generated by:           Genus(TM) Synthesis Solution 26.10-p002_1
  Generated on:           Sep 09 2026  03:45:21 pm
  Module:                 updated_top_module2
  Operating conditions:   PVT_0P9V_125C (balanced_tree)
  Wireload mode:          enclosed
  Area mode:              timing library
============================================================

Timing
--------

Clock  Period 
--------------
clk   10000.0 


  Cost    Critical         Violating 
 Group   Path Slack  TNS     Paths   
-------------------------------------
clk          1130.6   0.0          0 
default    No paths   0.0            
-------------------------------------
Total                 0.0          0 

Instance Count
--------------
Leaf Instance Count             1852 
Physical Instance count            0 
Sequential Instance Count        287 
Combinational Instance Count    1565 
Hierarchical Instance Count       12 

Area
----
Cell Area                          4675.140
Physical Cell Area                 0.000
Total Cell Area (Cell+Physical)    4675.140
Net Area                           0.000
Total Area (Cell+Physical+Net)     4675.140

Max Fanout                         289 (clk)
Min Fanout                         0 (axi_araddr[8])
Average Fanout                     2.0
Terms to net ratio                 2.8089
Terms to instance ratio            3.8494
Runtime                            136.487501 seconds
Elapsed Runtime                    156 seconds
Genus peak memory usage            2453.64 
Innovus peak memory usage          no_value 
Hostname                           CadenceSoftware
