============================================================
  Generated by:           Genus(TM) Synthesis Solution 26.10-p002_1
  Generated on:           Sep 09 2026  03:45:21 pm
  Module:                 updated_top_module2
  Operating conditions:   PVT_0P9V_125C (balanced_tree)
  Wireload mode:          enclosed
  Area mode:              timing library
============================================================

      Instance            Module       Cell-Count  Cell-Area  Net-Area   Total-Area   Wireload  
------------------------------------------------------------------------------------------------
updated_top_module2  NA                      1852   4675.140     0.000     4675.140 <none> (D)  
  u_alu_control      alu_control                5      5.814     0.000        5.814 <none> (D)  
  u_axi_adapter      axi_adapter               15     29.754     0.000       29.754 <none> (D)  
  u_axi_interconnect axi_interconnect          16     28.386     0.000       28.386 <none> (D)  
  u_control_unit     decoder                   11     14.022     0.000       14.022 <none> (D)  
  u_data_mem         data_mem                   3      6.840     0.000        6.840 <none> (D)  
  u_instr_mem        instr_mem                 41     49.248     0.000       49.248 <none> (D)  
  u_pc_reg           pc_reg                    58    198.360     0.000      198.360 <none> (D)  
  u_pwm_peripheral   pwm_peripheral           446   1229.490     0.000     1229.490 <none> (D)  
  u_reg_file         reg_file                 184    795.492     0.000      795.492 <none> (D)  
  u_timer_peripheral timer_peripheral         320    879.624     0.000      879.624 <none> (D)  
  (D) = wireload is default in technology library
