============================================================
  Generated by:           Genus(TM) Synthesis Solution 26.10-p002_1
  Generated on:           Sep 09 2026  03:45:21 pm
  Module:                 updated_top_module2
  Operating conditions:   PVT_0P9V_125C (balanced_tree)
  Wireload mode:          enclosed
  Area mode:              timing library
============================================================


Path 1: MET (1131 ps) Setup Check with Pin u_timer_peripheral/compare_reg_reg[31]/CK->D
          Group: clk
     Startpoint: (R) u_pc_reg/pc_out_reg[8]/CK
          Clock: (R) clk
       Endpoint: (R) u_timer_peripheral/compare_reg_reg[31]/D
          Clock: (R) clk

                     Capture       Launch     
        Clock Edge:+   10000            0     
       Src Latency:+       0            0     
       Net Latency:+       0 (I)        0 (I) 
           Arrival:=   10000            0     
                                              
             Setup:-      91                  
       Uncertainty:-      10                  
     Required Time:=    9899                  
      Launch Clock:-       0                  
         Data Path:-    8769                  
             Slack:=    1131                  

#------------------------------------------------------------------------------------------------------------------
#              Timing Point                Flags    Arc   Edge   Cell     Fanout Load Trans Delay Arrival Instance 
#                                                                                (fF)  (ps)  (ps)   (ps)  Location 
#------------------------------------------------------------------------------------------------------------------
  u_pc_reg/pc_out_reg[8]/CK                -       -      R     (arrival)    289    -   100     0       0    (-,-) 
  u_pc_reg/pc_out_reg[8]/Q                 -       CK->Q  F     DFFHQX1        6  2.0    62   269     269    (-,-) 
  u_instr_mem/g1120__5122/Y                -       A->Y   R     NOR2X1         1  0.2    38    67     336    (-,-) 
  u_instr_mem/g2/Y                         -       AN->Y  R     NOR4BBX1       2  0.8   156   221     557    (-,-) 
  u_instr_mem/g1130__9945/Y                -       B->Y   F     NAND2BX1       2  0.6    82   134     691    (-,-) 
  u_instr_mem/g1114/Y                      -       A->Y   R     INVX1          2  0.8    37    64     755    (-,-) 
  u_instr_mem/g1104__6260/Y                -       B->Y   F     NAND2X1        2  0.6    70    68     822    (-,-) 
  u_instr_mem/g1092__9945/Y                -       A->Y   R     NOR2X1         2  0.6    56    82     904    (-,-) 
  u_instr_mem/g1128__6161/Y                -       B->Y   F     NOR2BX1        2  0.6    37    53     957    (-,-) 
  u_instr_mem/g1087__4733/Y                -       B->Y   R     NOR2X1         7  2.4   135   101    1058    (-,-) 
  u_instr_mem/g1084__1881/Y                -       B->Y   F     NOR2X1         2  0.6    60   101    1159    (-,-) 
  u_instr_mem/g1081__7098/Y                -       B->Y   R     NAND2X1        5  1.4    55    61    1220    (-,-) 
  u_control_unit/g277__5122/Y              -       AN->Y  R     NOR2BX1        2  0.6    60   110    1330    (-,-) 
  u_control_unit/g272__3680/Y              -       B->Y   R     AND2X1        16  6.2   143   213    1542    (-,-) 
  g5905/Y                                  -       A->Y   F     INVX1         27  7.2   212   193    1735    (-,-) 
  g6063__5526/Y                            -       A->Y   R     NOR2X1         1  0.2    46   144    1880    (-,-) 
  g6061__4319/Y                            -       B->Y   R     OR2X2         34 13.4   154   172    2051    (-,-) 
  u_alu_sub_12_45_g5090/Y                  -       B->Y   F     NAND2X1        2  0.5    75   129    2180    (-,-) 
  u_alu_sub_12_45_g5122/Y                  -       AN->Y  F     NOR2BX1        2  0.6    52    92    2272    (-,-) 
  u_alu_sub_12_45_g5078/Y                  -       A->Y   R     INVX1          1  0.6    28    45    2317    (-,-) 
  u_alu_sub_12_45_g5075/CO                 -       CI->CO R     ADDFX1         2  0.6    39   181    2498    (-,-) 
  u_alu_sub_12_45_g5072/Y                  -       A1N->Y R     OAI2BB1X1      2  0.6    39   131    2629    (-,-) 
  u_alu_sub_12_45_g5069/Y                  -       A1N->Y R     OAI2BB1X1      2  0.6    45   132    2760    (-,-) 
  u_alu_sub_12_45_g5066/Y                  -       A1N->Y R     OAI2BB1X1      2  0.6    38   134    2895    (-,-) 
  u_alu_sub_12_45_g5063/Y                  -       A1N->Y R     OAI2BB1X1      2  0.6    44   131    3026    (-,-) 
  u_alu_sub_12_45_g5060/Y                  -       A1N->Y R     OAI2BB1X1      1  0.4    37   131    3157    (-,-) 
  u_alu_sub_12_45_g5059/Y                  -       A->Y   F     INVX1          1  0.5    28    39    3196    (-,-) 
  u_alu_sub_12_45_g5057/CO                 -       CI->CO F     ADDFX1         1  0.3    34   162    3357    (-,-) 
  u_alu_sub_12_45_g5056/Y                  -       A->Y   R     INVX1          2  0.8    29    37    3394    (-,-) 
  u_alu_sub_12_45_g5055/Y                  -       B->Y   F     NAND2X1        2  0.6    68    63    3457    (-,-) 
  u_alu_sub_12_45_g5053/Y                  -       B->Y   R     NAND2X1        1  0.6    44    56    3514    (-,-) 
  u_alu_sub_12_45_g5052/CO                 -       CI->CO R     ADDFX1         1  0.6    39   188    3702    (-,-) 
  u_alu_sub_12_45_g5050/CO                 -       CI->CO R     ADDFX1         1  0.6    39   186    3888    (-,-) 
  u_alu_sub_12_45_g5048/CO                 -       CI->CO R     ADDFX1         1  0.6    39   186    4074    (-,-) 
  u_alu_sub_12_45_g5046/CO                 -       CI->CO R     ADDFX1         1  0.6    39   186    4260    (-,-) 
  u_alu_sub_12_45_g5044/CO                 -       CI->CO R     ADDFX1         1  0.4    35   184    4444    (-,-) 
  u_alu_sub_12_45_g5043/Y                  -       A->Y   F     INVX1          1  0.5    27    37    4481    (-,-) 
  u_alu_sub_12_45_g5041/CO                 -       CI->CO F     ADDFX1         1  0.3    34   161    4643    (-,-) 
  u_alu_sub_12_45_g5040/Y                  -       A->Y   R     INVX1          1  0.6    25    34    4677    (-,-) 
  u_alu_sub_12_45_g5039/CO                 -       CI->CO R     ADDFX1         1  0.6    39   179    4856    (-,-) 
  u_alu_sub_12_45_g5037/CO                 -       CI->CO R     ADDFX1         1  0.6    39   186    5042    (-,-) 
  u_alu_sub_12_45_g5035/CO                 -       CI->CO R     ADDFX1         1  0.6    39   186    5228    (-,-) 
  u_alu_sub_12_45_g5033/CO                 -       CI->CO R     ADDFX1         1  0.6    39   186    5414    (-,-) 
  u_alu_sub_12_45_g5031/CO                 -       CI->CO R     ADDFX1         1  0.6    39   186    5600    (-,-) 
  u_alu_sub_12_45_g5029/CO                 -       CI->CO R     ADDFX1         2  0.8    43   188    5789    (-,-) 
  u_alu_sub_12_45_g5027/Y                  -       B->Y   F     NOR2X1         2  0.8    40    48    5837    (-,-) 
  u_alu_sub_12_45_g5025/CO                 -       CI->CO F     ADDFX1         1  0.5    39   170    6007    (-,-) 
  u_alu_sub_12_45_g5024/CO                 -       CI->CO F     ADDFX1         1  0.5    39   170    6177    (-,-) 
  u_alu_sub_12_45_g5023/CO                 -       CI->CO F     ADDFX1         1  0.5    39   170    6347    (-,-) 
  u_alu_sub_12_45_g5022/CO                 -       CI->CO F     ADDFX1         1  0.5    39   170    6516    (-,-) 
  u_alu_sub_12_45_g5021/CO                 -       CI->CO F     ADDFX1         1  0.5    39   170    6686    (-,-) 
  u_alu_sub_12_45_g5020/CO                 -       CI->CO F     ADDFX1         1  0.5    39   170    6856    (-,-) 
  u_alu_sub_12_45_g5019/CO                 -       CI->CO F     ADDFX1         1  0.4    37   168    7024    (-,-) 
  u_alu_sub_12_45_g5018/Y                  -       B->Y   F     XOR2XL         1  0.3    30   100    7124    (-,-) 
  g9025__1617/Y                            -       C1->Y  R     AOI222X1       1  0.4   140    96    7221    (-,-) 
  g8870__6161/Y                            -       B->Y   F     NAND2X1        4  0.9    94   133    7354    (-,-) 
  u_axi_interconnect/g1026__6417/Y         -       AN->Y  F     NAND3BXL       2  0.6   170   200    7554    (-,-) 
  u_axi_interconnect/g1024__1666/Y         -       B->Y   R     NOR2BX1        6  1.2    95   143    7697    (-,-) 
  u_axi_interconnect/g1022__2883/Y         -       B->Y   R     AND2XL         3  0.8    41   143    7840    (-,-) 
  u_timer_peripheral/g2486__6783/Y         -       AN->Y  R     NOR4BX1        1  0.2   103   188    8027    (-,-) 
  u_timer_peripheral/g2479__5107/Y         -       C->Y   F     NAND3BXL       2  0.6   170   166    8193    (-,-) 
  u_timer_peripheral/g2458/Y               -       A->Y   R     INVX1          2  0.6    48   112    8305    (-,-) 
  u_timer_peripheral/g2437__7410/Y         -       C->Y   R     AND3X1        32  6.4   155   273    8578    (-,-) 
  u_timer_peripheral/g2382__8428/Y         -       B1->Y  R     AO22XL         1  0.3    28   191    8769    (-,-) 
  u_timer_peripheral/compare_reg_reg[31]/D <<<     -      R     DFFHQX1        1    -     -     0    8769    (-,-) 
#------------------------------------------------------------------------------------------------------------------

